0001                         *  calling monitor c function
0002                         *  simple one second wait function
0003                         
0004 dfdf                    putchar    equ $dfdf 
0005 e041                    puts       equ $e041
0006 df73                    initacia   equ $df73  
0007 e0eb                    newline    equ $e0eb
0008                         
0009 e750                    wait1s     equ $e750
0010                         	
0011 0200                    	org $200
0012                         
0013 0200 bd df 73           main    jsr initacia
0014                         
0015                         loop
0016 0203 cc 02 15                   ldd #text3
0017 0206 34 06                      pshs d
0018                         
0019 0208 bd e0 41           	jsr puts
0020                         	
0021 020b 32 62              	leas 2,s
0022                         
0023 020d bd e0 eb           	jsr newline
0024 0210 bd e7 50           	jsr wait1s
0025                         
0026 0213 20 ee                      bra loop
0027                         	
0028 0215 48 65 6c 6c 6f 20  text3   fcc "Hello printing 1s"
     70 72 69 6e 74 69
     6e 67 20 31 73
0029 0226 00                         fcb 0
0030                         
0031                         	end
0032                         
